; Function Declarations
declare i32 @getint()
declare i32 @getch()
declare i32 @getarray(ptr)
declare float @getfloat()
declare i32 @getfarray(ptr)
declare void @putint(i32)
declare void @putch(i32)
declare void @putarray(i32, ptr)
declare void @putfloat(float)
declare void @putfarray(i32, ptr)
declare void @_sysy_starttime(i32)
declare void @_sysy_stoptime(i32)
declare void @llvm.memset.p0.i32(ptr, i8, i32, i1)

; Global Variable Declarations


; Function Definitions
define i32 @main()
{
Block0:
	br label %Block13
Block1:
	br label %Block4
Block4:
	br label %Block15
Block9:
	br label %Block12
Block12:
	%reg_32 = add i32 0, 0
	ret i32 %reg_32
Block13:
	br label %Block1
Block15:
	br label %Block9
}
